Archive member included to satisfy reference by file (symbol)

c:/st/stm32cubeide_1.3.0/stm32cubeide/plugins/com.st.stm32cube.ide.mcu.externaltools.gnu-tools-for-stm32.7-2018-q2-update.win32_1.5.0.202011040924/tools/bin/../lib/gcc/arm-none-eabi/7.3.1/../../../../arm-none-eabi/lib/thumb/v7-m\libc_nano.a(lib_a-errno.o)
                              Core/Src/syscalls.o (__errno)
c:/st/stm32cubeide_1.3.0/stm32cubeide/plugins/com.st.stm32cube.ide.mcu.externaltools.gnu-tools-for-stm32.7-2018-q2-update.win32_1.5.0.202011040924/tools/bin/../lib/gcc/arm-none-eabi/7.3.1/../../../../arm-none-eabi/lib/thumb/v7-m\libc_nano.a(lib_a-exit.o)
                              c:/st/stm32cubeide_1.3.0/stm32cubeide/plugins/com.st.stm32cube.ide.mcu.externaltools.gnu-tools-for-stm32.7-2018-q2-update.win32_1.5.0.202011040924/tools/bin/../lib/gcc/arm-none-eabi/7.3.1/../../../../arm-none-eabi/lib/thumb/v7-m/crt0.o (exit)
c:/st/stm32cubeide_1.3.0/stm32cubeide/plugins/com.st.stm32cube.ide.mcu.externaltools.gnu-tools-for-stm32.7-2018-q2-update.win32_1.5.0.202011040924/tools/bin/../lib/gcc/arm-none-eabi/7.3.1/../../../../arm-none-eabi/lib/thumb/v7-m\libc_nano.a(lib_a-impure.o)
                              c:/st/stm32cubeide_1.3.0/stm32cubeide/plugins/com.st.stm32cube.ide.mcu.externaltools.gnu-tools-for-stm32.7-2018-q2-update.win32_1.5.0.202011040924/tools/bin/../lib/gcc/arm-none-eabi/7.3.1/../../../../arm-none-eabi/lib/thumb/v7-m\libc_nano.a(lib_a-exit.o) (_global_impure_ptr)
c:/st/stm32cubeide_1.3.0/stm32cubeide/plugins/com.st.stm32cube.ide.mcu.externaltools.gnu-tools-for-stm32.7-2018-q2-update.win32_1.5.0.202011040924/tools/bin/../lib/gcc/arm-none-eabi/7.3.1/../../../../arm-none-eabi/lib/thumb/v7-m\libc_nano.a(lib_a-init.o)
                              c:/st/stm32cubeide_1.3.0/stm32cubeide/plugins/com.st.stm32cube.ide.mcu.externaltools.gnu-tools-for-stm32.7-2018-q2-update.win32_1.5.0.202011040924/tools/bin/../lib/gcc/arm-none-eabi/7.3.1/../../../../arm-none-eabi/lib/thumb/v7-m/crt0.o (__libc_init_array)
c:/st/stm32cubeide_1.3.0/stm32cubeide/plugins/com.st.stm32cube.ide.mcu.externaltools.gnu-tools-for-stm32.7-2018-q2-update.win32_1.5.0.202011040924/tools/bin/../lib/gcc/arm-none-eabi/7.3.1/../../../../arm-none-eabi/lib/thumb/v7-m\libc_nano.a(lib_a-memset.o)
                              c:/st/stm32cubeide_1.3.0/stm32cubeide/plugins/com.st.stm32cube.ide.mcu.externaltools.gnu-tools-for-stm32.7-2018-q2-update.win32_1.5.0.202011040924/tools/bin/../lib/gcc/arm-none-eabi/7.3.1/../../../../arm-none-eabi/lib/thumb/v7-m/crt0.o (memset)
c:/st/stm32cubeide_1.3.0/stm32cubeide/plugins/com.st.stm32cube.ide.mcu.externaltools.gnu-tools-for-stm32.7-2018-q2-update.win32_1.5.0.202011040924/tools/bin/../lib/gcc/arm-none-eabi/7.3.1/thumb/v7-m\libgcc.a(_arm_addsubdf3.o)
                              Core/Src/bootloader.o (__aeabi_ui2d)
c:/st/stm32cubeide_1.3.0/stm32cubeide/plugins/com.st.stm32cube.ide.mcu.externaltools.gnu-tools-for-stm32.7-2018-q2-update.win32_1.5.0.202011040924/tools/bin/../lib/gcc/arm-none-eabi/7.3.1/thumb/v7-m\libgcc.a(_arm_muldivdf3.o)
                              Core/Src/bootloader.o (__aeabi_dmul)
c:/st/stm32cubeide_1.3.0/stm32cubeide/plugins/com.st.stm32cube.ide.mcu.externaltools.gnu-tools-for-stm32.7-2018-q2-update.win32_1.5.0.202011040924/tools/bin/../lib/gcc/arm-none-eabi/7.3.1/thumb/v7-m\libgcc.a(_arm_fixunsdfsi.o)
                              Core/Src/bootloader.o (__aeabi_d2uiz)

Allocating common symbols
Common symbol       size              file

fre_clust           0x4               Core/Src/bootloader.o
USERPath            0x4               FATFS/App/fatfs.o
flashStatus         0x1               Core/Src/bootloader.o
fs                  0x1030            Core/Src/bootloader.o
uwTick              0x4               Drivers/STM32F1xx_HAL_Driver/Src/stm32f1xx_hal.o
br                  0x4               Core/Src/bootloader.o
pFlash              0x20              Drivers/STM32F1xx_HAL_Driver/Src/stm32f1xx_hal_flash.o
Flashed_offset      0x4               Core/Src/bootloader.o
free_space          0x4               Core/Src/bootloader.o
buffer              0x400             Core/Src/bootloader.o
retUSER             0x1               FATFS/App/fatfs.o
data                0x4               Core/Src/bootloader.o
fr                  0x1               Core/Src/bootloader.o
Timer2              0x1               Core/Src/stm32f1xx_it.o
pfs                 0x4               Core/Src/bootloader.o
hspi1               0x58              Core/Src/main.o
total               0x4               Core/Src/bootloader.o
Timer1              0x1               Core/Src/stm32f1xx_it.o
fil                 0x102c            Core/Src/bootloader.o
USERFile            0x102c            FATFS/App/fatfs.o
USERFatFS           0x1030            FATFS/App/fatfs.o

Discarded input sections

[...]
Memory Configuration

Name             Origin             Length             Attributes
RAM              0x0000000020000000 0x0000000000005000 xrw
FLASH            0x0000000008000000 0x0000000000010000 xr
*default*        0x0000000000000000 0xffffffffffffffff

Linker script and memory map

LOAD c:/st/stm32cubeide_1.3.0/stm32cubeide/plugins/com.st.stm32cube.ide.mcu.externaltools.gnu-tools-for-stm32.7-2018-q2-update.win32_1.5.0.202011040924/tools/bin/../lib/gcc/arm-none-eabi/7.3.1/thumb/v7-m/crti.o
LOAD c:/st/stm32cubeide_1.3.0/stm32cubeide/plugins/com.st.stm32cube.ide.mcu.externaltools.gnu-tools-for-stm32.7-2018-q2-update.win32_1.5.0.202011040924/tools/bin/../lib/gcc/arm-none-eabi/7.3.1/thumb/v7-m/crtbegin.o
LOAD c:/st/stm32cubeide_1.3.0/stm32cubeide/plugins/com.st.stm32cube.ide.mcu.externaltools.gnu-tools-for-stm32.7-2018-q2-update.win32_1.5.0.202011040924/tools/bin/../lib/gcc/arm-none-eabi/7.3.1/../../../../arm-none-eabi/lib/thumb/v7-m/crt0.o
LOAD Core/Src/bootloader.o
LOAD Core/Src/fatfs_sd.o
LOAD Core/Src/main.o
LOAD Core/Src/stm32f1xx_hal_msp.o
LOAD Core/Src/stm32f1xx_it.o
LOAD Core/Src/syscalls.o
LOAD Core/Src/sysmem.o
LOAD Core/Src/system_stm32f1xx.o
LOAD Core/Startup/startup_stm32f103c8tx.o
LOAD Drivers/STM32F1xx_HAL_Driver/Src/stm32f1xx_hal.o
LOAD Drivers/STM32F1xx_HAL_Driver/Src/stm32f1xx_hal_cortex.o
LOAD Drivers/STM32F1xx_HAL_Driver/Src/stm32f1xx_hal_dma.o
LOAD Drivers/STM32F1xx_HAL_Driver/Src/stm32f1xx_hal_exti.o
LOAD Drivers/STM32F1xx_HAL_Driver/Src/stm32f1xx_hal_flash.o
LOAD Drivers/STM32F1xx_HAL_Driver/Src/stm32f1xx_hal_flash_ex.o
LOAD Drivers/STM32F1xx_HAL_Driver/Src/stm32f1xx_hal_gpio.o
LOAD Drivers/STM32F1xx_HAL_Driver/Src/stm32f1xx_hal_gpio_ex.o
LOAD Drivers/STM32F1xx_HAL_Driver/Src/stm32f1xx_hal_pwr.o
LOAD Drivers/STM32F1xx_HAL_Driver/Src/stm32f1xx_hal_rcc.o
LOAD Drivers/STM32F1xx_HAL_Driver/Src/stm32f1xx_hal_rcc_ex.o
LOAD Drivers/STM32F1xx_HAL_Driver/Src/stm32f1xx_hal_spi.o
LOAD Drivers/STM32F1xx_HAL_Driver/Src/stm32f1xx_hal_tim.o
LOAD Drivers/STM32F1xx_HAL_Driver/Src/stm32f1xx_hal_tim_ex.o
LOAD FATFS/App/fatfs.o
LOAD FATFS/Target/user_diskio.o
LOAD Middlewares/Third_Party/FatFs/src/diskio.o
LOAD Middlewares/Third_Party/FatFs/src/ff.o
LOAD Middlewares/Third_Party/FatFs/src/ff_gen_drv.o
LOAD Middlewares/Third_Party/FatFs/src/option/ccsbcs.o
LOAD Middlewares/Third_Party/FatFs/src/option/syscall.o
START GROUP
LOAD c:/st/stm32cubeide_1.3.0/stm32cubeide/plugins/com.st.stm32cube.ide.mcu.externaltools.gnu-tools-for-stm32.7-2018-q2-update.win32_1.5.0.202011040924/tools/bin/../lib/gcc/arm-none-eabi/7.3.1/../../../../arm-none-eabi/lib/thumb/v7-m\libc_nano.a
LOAD c:/st/stm32cubeide_1.3.0/stm32cubeide/plugins/com.st.stm32cube.ide.mcu.externaltools.gnu-tools-for-stm32.7-2018-q2-update.win32_1.5.0.202011040924/tools/bin/../lib/gcc/arm-none-eabi/7.3.1/../../../../arm-none-eabi/lib/thumb/v7-m\libm.a
END GROUP
START GROUP
LOAD c:/st/stm32cubeide_1.3.0/stm32cubeide/plugins/com.st.stm32cube.ide.mcu.externaltools.gnu-tools-for-stm32.7-2018-q2-update.win32_1.5.0.202011040924/tools/bin/../lib/gcc/arm-none-eabi/7.3.1/thumb/v7-m\libgcc.a
LOAD c:/st/stm32cubeide_1.3.0/stm32cubeide/plugins/com.st.stm32cube.ide.mcu.externaltools.gnu-tools-for-stm32.7-2018-q2-update.win32_1.5.0.202011040924/tools/bin/../lib/gcc/arm-none-eabi/7.3.1/../../../../arm-none-eabi/lib/thumb/v7-m\libc_nano.a
END GROUP
START GROUP
LOAD c:/st/stm32cubeide_1.3.0/stm32cubeide/plugins/com.st.stm32cube.ide.mcu.externaltools.gnu-tools-for-stm32.7-2018-q2-update.win32_1.5.0.202011040924/tools/bin/../lib/gcc/arm-none-eabi/7.3.1/thumb/v7-m\libgcc.a
LOAD c:/st/stm32cubeide_1.3.0/stm32cubeide/plugins/com.st.stm32cube.ide.mcu.externaltools.gnu-tools-for-stm32.7-2018-q2-update.win32_1.5.0.202011040924/tools/bin/../lib/gcc/arm-none-eabi/7.3.1/../../../../arm-none-eabi/lib/thumb/v7-m\libc_nano.a
LOAD c:/st/stm32cubeide_1.3.0/stm32cubeide/plugins/com.st.stm32cube.ide.mcu.externaltools.gnu-tools-for-stm32.7-2018-q2-update.win32_1.5.0.202011040924/tools/bin/../lib/gcc/arm-none-eabi/7.3.1/../../../../arm-none-eabi/lib/thumb/v7-m\libnosys.a
END GROUP
START GROUP
LOAD c:/st/stm32cubeide_1.3.0/stm32cubeide/plugins/com.st.stm32cube.ide.mcu.externaltools.gnu-tools-for-stm32.7-2018-q2-update.win32_1.5.0.202011040924/tools/bin/../lib/gcc/arm-none-eabi/7.3.1/thumb/v7-m\libgcc.a
LOAD c:/st/stm32cubeide_1.3.0/stm32cubeide/plugins/com.st.stm32cube.ide.mcu.externaltools.gnu-tools-for-stm32.7-2018-q2-update.win32_1.5.0.202011040924/tools/bin/../lib/gcc/arm-none-eabi/7.3.1/../../../../arm-none-eabi/lib/thumb/v7-m\libc_nano.a
LOAD c:/st/stm32cubeide_1.3.0/stm32cubeide/plugins/com.st.stm32cube.ide.mcu.externaltools.gnu-tools-for-stm32.7-2018-q2-update.win32_1.5.0.202011040924/tools/bin/../lib/gcc/arm-none-eabi/7.3.1/../../../../arm-none-eabi/lib/thumb/v7-m\libnosys.a
END GROUP
LOAD c:/st/stm32cubeide_1.3.0/stm32cubeide/plugins/com.st.stm32cube.ide.mcu.externaltools.gnu-tools-for-stm32.7-2018-q2-update.win32_1.5.0.202011040924/tools/bin/../lib/gcc/arm-none-eabi/7.3.1/thumb/v7-m/crtend.o
LOAD c:/st/stm32cubeide_1.3.0/stm32cubeide/plugins/com.st.stm32cube.ide.mcu.externaltools.gnu-tools-for-stm32.7-2018-q2-update.win32_1.5.0.202011040924/tools/bin/../lib/gcc/arm-none-eabi/7.3.1/thumb/v7-m/crtn.o
                0x0000000020005000                _estack = (ORIGIN (RAM) + LENGTH (RAM))
                0x0000000000000200                _Min_Heap_Size = 0x200
                0x0000000000000400                _Min_Stack_Size = 0x400

.isr_vector     0x0000000008000000      0x10c
                0x0000000008000000                . = ALIGN (0x4)
 *(.isr_vector)
 .isr_vector    0x0000000008000000      0x10c Core/Startup/startup_stm32f103c8tx.o
                0x0000000008000000                g_pfnVectors
                0x000000000800010c                . = ALIGN (0x4)

.text           0x000000000800010c     0x7464
                0x000000000800010c                . = ALIGN (0x4)
 *(.text)
 .text          0x000000000800010c       0x40 c:/st/stm32cubeide_1.3.0/stm32cubeide/plugins/com.st.stm32cube.ide.mcu.externaltools.gnu-tools-for-stm32.7-2018-q2-update.win32_1.5.0.202011040924/tools/bin/../lib/gcc/arm-none-eabi/7.3.1/thumb/v7-m/crtbegin.o
 .text          0x000000000800014c      0x378 c:/st/stm32cubeide_1.3.0/stm32cubeide/plugins/com.st.stm32cube.ide.mcu.externaltools.gnu-tools-for-stm32.7-2018-q2-update.win32_1.5.0.202011040924/tools/bin/../lib/gcc/arm-none-eabi/7.3.1/thumb/v7-m\libgcc.a(_arm_addsubdf3.o)
                0x000000000800014c                __aeabi_drsub
                0x0000000008000154                __aeabi_dsub
                0x0000000008000154                __subdf3
                0x0000000008000158                __aeabi_dadd
                0x0000000008000158                __adddf3
                0x00000000080003d0                __floatunsidf
                0x00000000080003d0                __aeabi_ui2d
                0x00000000080003f0                __floatsidf
                0x00000000080003f0                __aeabi_i2d
                0x0000000008000414                __aeabi_f2d
                0x0000000008000414                __extendsfdf2
                0x0000000008000458                __floatundidf
                0x0000000008000458                __aeabi_ul2d
                0x0000000008000468                __floatdidf
                0x0000000008000468                __aeabi_l2d
 .text          0x00000000080004c4      0x424 c:/st/stm32cubeide_1.3.0/stm32cubeide/plugins/com.st.stm32cube.ide.mcu.externaltools.gnu-tools-for-stm32.7-2018-q2-update.win32_1.5.0.202011040924/tools/bin/../lib/gcc/arm-none-eabi/7.3.1/thumb/v7-m\libgcc.a(_arm_muldivdf3.o)
                0x00000000080004c4                __aeabi_dmul
                0x00000000080004c4                __muldf3
                0x0000000008000718                __divdf3
                0x0000000008000718                __aeabi_ddiv
 .text          0x00000000080008e8       0x40 c:/st/stm32cubeide_1.3.0/stm32cubeide/plugins/com.st.stm32cube.ide.mcu.externaltools.gnu-tools-for-stm32.7-2018-q2-update.win32_1.5.0.202011040924/tools/bin/../lib/gcc/arm-none-eabi/7.3.1/thumb/v7-m\libgcc.a(_arm_fixunsdfsi.o)
                0x00000000080008e8                __aeabi_d2uiz
                0x00000000080008e8                __fixunsdfsi
 *(.text*)
 .text.bootloaderInit
                0x0000000008000928      0x2f8 Core/Src/bootloader.o
                0x0000000008000928                bootloaderInit
 .text.flashWord
                0x0000000008000c20       0xa8 Core/Src/bootloader.o
                0x0000000008000c20                flashWord
 .text.readWord
                0x0000000008000cc8       0x1a Core/Src/bootloader.o
                0x0000000008000cc8                readWord
 *fill*         0x0000000008000ce2        0x2 
 .text.unlockFlashAndEraseMemory
                0x0000000008000ce4       0x80 Core/Src/bootloader.o
                0x0000000008000ce4                unlockFlashAndEraseMemory
 .text.lockFlash
                0x0000000008000d64       0x44 Core/Src/bootloader.o
                0x0000000008000d64                lockFlash
 .text.jumpToApp
                0x0000000008000da8       0x26 Core/Src/bootloader.o
                0x0000000008000da8                jumpToApp
 *fill*         0x0000000008000dce        0x2 
 .text.deinitEverything
                0x0000000008000dd0       0x68 Core/Src/bootloader.o
                0x0000000008000dd0                deinitEverything
 .text.Bootloader_CheckSize
                0x0000000008000e38       0x24 Core/Src/bootloader.o
                0x0000000008000e38                Bootloader_CheckSize
 .text.SELECT   0x0000000008000e5c       0x18 Core/Src/fatfs_sd.o
 .text.DESELECT
                0x0000000008000e74       0x18 Core/Src/fatfs_sd.o
 .text.SPI_TxByte
                0x0000000008000e8c       0x34 Core/Src/fatfs_sd.o
 .text.SPI_RxByte
                0x0000000008000ec0       0x3c Core/Src/fatfs_sd.o
 .text.SPI_RxBytePtr
                0x0000000008000efc       0x1c Core/Src/fatfs_sd.o
 .text.SD_ReadyWait
                0x0000000008000f18       0x38 Core/Src/fatfs_sd.o
 .text.SD_PowerOn
                0x0000000008000f50       0x98 Core/Src/fatfs_sd.o
 .text.SD_PowerOff
                0x0000000008000fe8       0x18 Core/Src/fatfs_sd.o
 .text.SD_CheckPower
                0x0000000008001000       0x14 Core/Src/fatfs_sd.o
 .text.SD_RxDataBlock
                0x0000000008001014       0x6c Core/Src/fatfs_sd.o
 .text.SD_TxDataBlock
                0x0000000008001080       0xa8 Core/Src/fatfs_sd.o
 .text.SD_SendCmd
                0x0000000008001128       0xa4 Core/Src/fatfs_sd.o
 .text.SD_disk_initialize
                0x00000000080011cc      0x1d4 Core/Src/fatfs_sd.o
                0x00000000080011cc                SD_disk_initialize
 .text.SD_disk_status
                0x00000000080013a0       0x28 Core/Src/fatfs_sd.o
                0x00000000080013a0                SD_disk_status
 .text.SD_disk_read
                0x00000000080013c8       0xd4 Core/Src/fatfs_sd.o
                0x00000000080013c8                SD_disk_read
 .text.SD_disk_write
                0x000000000800149c      0x108 Core/Src/fatfs_sd.o
                0x000000000800149c                SD_disk_write
 .text.SD_disk_ioctl
                0x00000000080015a4      0x25c Core/Src/fatfs_sd.o
                0x00000000080015a4                SD_disk_ioctl
 .text.main     0x0000000008001800       0x1e Core/Src/main.o
                0x0000000008001800                main
 .text.SystemClock_Config
                0x000000000800181e       0x8a Core/Src/main.o
                0x000000000800181e                SystemClock_Config
 .text.MX_SPI1_Init
                0x00000000080018a8       0x6c Core/Src/main.o
 .text.MX_GPIO_Init
                0x0000000008001914       0xd4 Core/Src/main.o
 .text.Error_Handler
                0x00000000080019e8       0x14 Core/Src/main.o
                0x00000000080019e8                Error_Handler
 .text.HAL_MspInit
                0x00000000080019fc       0x64 Core/Src/stm32f1xx_hal_msp.o
                0x00000000080019fc                HAL_MspInit
 .text.HAL_SPI_MspInit
                0x0000000008001a60       0x94 Core/Src/stm32f1xx_hal_msp.o
                0x0000000008001a60                HAL_SPI_MspInit
 .text.SDTimer_Handler
                0x0000000008001af4       0x44 Core/Src/stm32f1xx_it.o
                0x0000000008001af4                SDTimer_Handler
 .text.NMI_Handler
                0x0000000008001b38        0xc Core/Src/stm32f1xx_it.o
                0x0000000008001b38                NMI_Handler
 .text.HardFault_Handler
                0x0000000008001b44        0x6 Core/Src/stm32f1xx_it.o
                0x0000000008001b44                HardFault_Handler
 .text.MemManage_Handler
                0x0000000008001b4a        0x6 Core/Src/stm32f1xx_it.o
                0x0000000008001b4a                MemManage_Handler
 .text.BusFault_Handler
                0x0000000008001b50        0x6 Core/Src/stm32f1xx_it.o
                0x0000000008001b50                BusFault_Handler
 .text.UsageFault_Handler
                0x0000000008001b56        0x6 Core/Src/stm32f1xx_it.o
                0x0000000008001b56                UsageFault_Handler
 .text.SVC_Handler
                0x0000000008001b5c        0xc Core/Src/stm32f1xx_it.o
                0x0000000008001b5c                SVC_Handler
 .text.DebugMon_Handler
                0x0000000008001b68        0xc Core/Src/stm32f1xx_it.o
                0x0000000008001b68                DebugMon_Handler
 .text.PendSV_Handler
                0x0000000008001b74        0xc Core/Src/stm32f1xx_it.o
                0x0000000008001b74                PendSV_Handler
 .text.SysTick_Handler
                0x0000000008001b80       0x34 Core/Src/stm32f1xx_it.o
                0x0000000008001b80                SysTick_Handler
 .text.SystemInit
                0x0000000008001bb4        0xc Core/Src/system_stm32f1xx.o
                0x0000000008001bb4                SystemInit
 .text.Reset_Handler
                0x0000000008001bc0       0x48 Core/Startup/startup_stm32f103c8tx.o
                0x0000000008001bc0                Reset_Handler
 .text.Default_Handler
                0x0000000008001c08        0x2 Core/Startup/startup_stm32f103c8tx.o
                0x0000000008001c08                RTC_Alarm_IRQHandler
                0x0000000008001c08                EXTI2_IRQHandler
                0x0000000008001c08                TIM1_CC_IRQHandler
                0x0000000008001c08                PVD_IRQHandler
                0x0000000008001c08                EXTI3_IRQHandler
                0x0000000008001c08                EXTI0_IRQHandler
                0x0000000008001c08                I2C2_EV_IRQHandler
                0x0000000008001c08                ADC1_2_IRQHandler
                0x0000000008001c08                SPI1_IRQHandler
                0x0000000008001c08                TAMPER_IRQHandler
                0x0000000008001c08                DMA1_Channel4_IRQHandler
                0x0000000008001c08                USART3_IRQHandler
                0x0000000008001c08                RTC_IRQHandler
                0x0000000008001c08                DMA1_Channel7_IRQHandler
                0x0000000008001c08                CAN1_RX1_IRQHandler
                0x0000000008001c08                TIM4_IRQHandler
                0x0000000008001c08                I2C1_EV_IRQHandler
                0x0000000008001c08                DMA1_Channel6_IRQHandler
                0x0000000008001c08                TIM3_IRQHandler
                0x0000000008001c08                RCC_IRQHandler
                0x0000000008001c08                TIM1_TRG_COM_IRQHandler
                0x0000000008001c08                DMA1_Channel1_IRQHandler
                0x0000000008001c08                Default_Handler
                0x0000000008001c08                EXTI15_10_IRQHandler
                0x0000000008001c08                EXTI9_5_IRQHandler
                0x0000000008001c08                SPI2_IRQHandler
                0x0000000008001c08                DMA1_Channel5_IRQHandler
                0x0000000008001c08                EXTI4_IRQHandler
                0x0000000008001c08                USB_LP_CAN1_RX0_IRQHandler
                0x0000000008001c08                USB_HP_CAN1_TX_IRQHandler
                0x0000000008001c08                DMA1_Channel3_IRQHandler
                0x0000000008001c08                TIM1_UP_IRQHandler
                0x0000000008001c08                WWDG_IRQHandler
                0x0000000008001c08                TIM2_IRQHandler
                0x0000000008001c08                TIM1_BRK_IRQHandler
                0x0000000008001c08                EXTI1_IRQHandler
                0x0000000008001c08                USART2_IRQHandler
                0x0000000008001c08                I2C2_ER_IRQHandler
                0x0000000008001c08                DMA1_Channel2_IRQHandler
                0x0000000008001c08                CAN1_SCE_IRQHandler
                0x0000000008001c08                FLASH_IRQHandler
                0x0000000008001c08                USART1_IRQHandler
                0x0000000008001c08                I2C1_ER_IRQHandler
                0x0000000008001c08                USBWakeUp_IRQHandler
 *fill*         0x0000000008001c0a        0x2 
 .text.HAL_Init
                0x0000000008001c0c       0x2c Drivers/STM32F1xx_HAL_Driver/Src/stm32f1xx_hal.o
                0x0000000008001c0c                HAL_Init
 .text.HAL_DeInit
                0x0000000008001c38       0x30 Drivers/STM32F1xx_HAL_Driver/Src/stm32f1xx_hal.o
                0x0000000008001c38                HAL_DeInit
 .text.HAL_MspDeInit
                0x0000000008001c68        0xc Drivers/STM32F1xx_HAL_Driver/Src/stm32f1xx_hal.o
                0x0000000008001c68                HAL_MspDeInit
 .text.HAL_InitTick
                0x0000000008001c74       0x60 Drivers/STM32F1xx_HAL_Driver/Src/stm32f1xx_hal.o
                0x0000000008001c74                HAL_InitTick
 .text.HAL_IncTick
                0x0000000008001cd4       0x24 Drivers/STM32F1xx_HAL_Driver/Src/stm32f1xx_hal.o
                0x0000000008001cd4                HAL_IncTick
 .text.HAL_GetTick
                0x0000000008001cf8       0x14 Drivers/STM32F1xx_HAL_Driver/Src/stm32f1xx_hal.o
                0x0000000008001cf8                HAL_GetTick
 .text.HAL_Delay
                0x0000000008001d0c       0x44 Drivers/STM32F1xx_HAL_Driver/Src/stm32f1xx_hal.o
                0x0000000008001d0c                HAL_Delay
 .text.__NVIC_SetPriorityGrouping
                0x0000000008001d50       0x48 Drivers/STM32F1xx_HAL_Driver/Src/stm32f1xx_hal_cortex.o
 .text.__NVIC_GetPriorityGrouping
                0x0000000008001d98       0x1c Drivers/STM32F1xx_HAL_Driver/Src/stm32f1xx_hal_cortex.o
 .text.__NVIC_SetPriority
                0x0000000008001db4       0x54 Drivers/STM32F1xx_HAL_Driver/Src/stm32f1xx_hal_cortex.o
 .text.NVIC_EncodePriority
                0x0000000008001e08       0x64 Drivers/STM32F1xx_HAL_Driver/Src/stm32f1xx_hal_cortex.o
 .text.SysTick_Config
                0x0000000008001e6c       0x44 Drivers/STM32F1xx_HAL_Driver/Src/stm32f1xx_hal_cortex.o
 .text.HAL_NVIC_SetPriorityGrouping
                0x0000000008001eb0       0x16 Drivers/STM32F1xx_HAL_Driver/Src/stm32f1xx_hal_cortex.o
                0x0000000008001eb0                HAL_NVIC_SetPriorityGrouping
 .text.HAL_NVIC_SetPriority
                0x0000000008001ec6       0x38 Drivers/STM32F1xx_HAL_Driver/Src/stm32f1xx_hal_cortex.o
                0x0000000008001ec6                HAL_NVIC_SetPriority
 .text.HAL_SYSTICK_Config
                0x0000000008001efe       0x18 Drivers/STM32F1xx_HAL_Driver/Src/stm32f1xx_hal_cortex.o
                0x0000000008001efe                HAL_SYSTICK_Config
 *fill*         0x0000000008001f16        0x2 
 .text.HAL_FLASH_Program
                0x0000000008001f18       0xe0 Drivers/STM32F1xx_HAL_Driver/Src/stm32f1xx_hal_flash.o
                0x0000000008001f18                HAL_FLASH_Program
 .text.HAL_FLASH_Unlock
                0x0000000008001ff8       0x4c Drivers/STM32F1xx_HAL_Driver/Src/stm32f1xx_hal_flash.o
                0x0000000008001ff8                HAL_FLASH_Unlock
 .text.HAL_FLASH_Lock
                0x0000000008002044       0x20 Drivers/STM32F1xx_HAL_Driver/Src/stm32f1xx_hal_flash.o
                0x0000000008002044                HAL_FLASH_Lock
 .text.HAL_FLASH_OB_Unlock
                0x0000000008002064       0x38 Drivers/STM32F1xx_HAL_Driver/Src/stm32f1xx_hal_flash.o
                0x0000000008002064                HAL_FLASH_OB_Unlock
 .text.HAL_FLASH_OB_Lock
                0x000000000800209c       0x20 Drivers/STM32F1xx_HAL_Driver/Src/stm32f1xx_hal_flash.o
                0x000000000800209c                HAL_FLASH_OB_Lock
 .text.FLASH_Program_HalfWord
                0x00000000080020bc       0x38 Drivers/STM32F1xx_HAL_Driver/Src/stm32f1xx_hal_flash.o
 .text.FLASH_WaitForLastOperation
                0x00000000080020f4       0x8c Drivers/STM32F1xx_HAL_Driver/Src/stm32f1xx_hal_flash.o
                0x00000000080020f4                FLASH_WaitForLastOperation
 .text.FLASH_SetErrorCode
                0x0000000008002180       0xa0 Drivers/STM32F1xx_HAL_Driver/Src/stm32f1xx_hal_flash.o
 .text.HAL_FLASHEx_Erase
                0x0000000008002220       0xd8 Drivers/STM32F1xx_HAL_Driver/Src/stm32f1xx_hal_flash_ex.o
                0x0000000008002220                HAL_FLASHEx_Erase
 .text.FLASH_MassErase
                0x00000000080022f8       0x38 Drivers/STM32F1xx_HAL_Driver/Src/stm32f1xx_hal_flash_ex.o
 .text.FLASH_PageErase
                0x0000000008002330       0x40 Drivers/STM32F1xx_HAL_Driver/Src/stm32f1xx_hal_flash_ex.o
                0x0000000008002330                FLASH_PageErase
 .text.HAL_GPIO_Init
                0x0000000008002370      0x2b4 Drivers/STM32F1xx_HAL_Driver/Src/stm32f1xx_hal_gpio.o
                0x0000000008002370                HAL_GPIO_Init
 .text.HAL_GPIO_DeInit
                0x0000000008002624      0x178 Drivers/STM32F1xx_HAL_Driver/Src/stm32f1xx_hal_gpio.o
                0x0000000008002624                HAL_GPIO_DeInit
 .text.HAL_GPIO_ReadPin
                0x000000000800279c       0x2e Drivers/STM32F1xx_HAL_Driver/Src/stm32f1xx_hal_gpio.o
                0x000000000800279c                HAL_GPIO_ReadPin
 .text.HAL_GPIO_WritePin
                0x00000000080027ca       0x30 Drivers/STM32F1xx_HAL_Driver/Src/stm32f1xx_hal_gpio.o
                0x00000000080027ca                HAL_GPIO_WritePin
 .text.HAL_GPIO_TogglePin
                0x00000000080027fa       0x32 Drivers/STM32F1xx_HAL_Driver/Src/stm32f1xx_hal_gpio.o
                0x00000000080027fa                HAL_GPIO_TogglePin
 .text.HAL_RCC_DeInit
                0x000000000800282c      0x134 Drivers/STM32F1xx_HAL_Driver/Src/stm32f1xx_hal_rcc.o
                0x000000000800282c                HAL_RCC_DeInit
 .text.HAL_RCC_OscConfig
                0x0000000008002960      0x500 Drivers/STM32F1xx_HAL_Driver/Src/stm32f1xx_hal_rcc.o
                0x0000000008002960                HAL_RCC_OscConfig
 .text.HAL_RCC_ClockConfig
                0x0000000008002e60      0x1d4 Drivers/STM32F1xx_HAL_Driver/Src/stm32f1xx_hal_rcc.o
                0x0000000008002e60                HAL_RCC_ClockConfig
 .text.HAL_RCC_GetSysClockFreq
                0x0000000008003034       0xc4 Drivers/STM32F1xx_HAL_Driver/Src/stm32f1xx_hal_rcc.o
                0x0000000008003034                HAL_RCC_GetSysClockFreq
 .text.RCC_Delay
                0x00000000080030f8       0x3c Drivers/STM32F1xx_HAL_Driver/Src/stm32f1xx_hal_rcc.o
 .text.HAL_SPI_Init
                0x0000000008003134      0x108 Drivers/STM32F1xx_HAL_Driver/Src/stm32f1xx_hal_spi.o
                0x0000000008003134                HAL_SPI_Init
 .text.HAL_SPI_Transmit
                0x000000000800323c      0x278 Drivers/STM32F1xx_HAL_Driver/Src/stm32f1xx_hal_spi.o
                0x000000000800323c                HAL_SPI_Transmit
 .text.HAL_SPI_TransmitReceive
                0x00000000080034b4      0x344 Drivers/STM32F1xx_HAL_Driver/Src/stm32f1xx_hal_spi.o
                0x00000000080034b4                HAL_SPI_TransmitReceive
 .text.HAL_SPI_GetState
                0x00000000080037f8       0x1a Drivers/STM32F1xx_HAL_Driver/Src/stm32f1xx_hal_spi.o
                0x00000000080037f8                HAL_SPI_GetState
 *fill*         0x0000000008003812        0x2 
 .text.SPI_WaitFlagStateUntilTimeout
                0x0000000008003814      0x110 Drivers/STM32F1xx_HAL_Driver/Src/stm32f1xx_hal_spi.o
 .text.SPI_EndRxTxTransaction
                0x0000000008003924       0x3c Drivers/STM32F1xx_HAL_Driver/Src/stm32f1xx_hal_spi.o
 .text.MX_FATFS_Init
                0x0000000008003960       0x24 FATFS/App/fatfs.o
                0x0000000008003960                MX_FATFS_Init
 .text.get_fattime
                0x0000000008003984        0xe FATFS/App/fatfs.o
                0x0000000008003984                get_fattime
 .text.USER_initialize
                0x0000000008003992       0x1e FATFS/Target/user_diskio.o
                0x0000000008003992                USER_initialize
 .text.USER_status
                0x00000000080039b0       0x1e FATFS/Target/user_diskio.o
                0x00000000080039b0                USER_status
 .text.USER_read
                0x00000000080039ce       0x28 FATFS/Target/user_diskio.o
                0x00000000080039ce                USER_read
 .text.USER_write
                0x00000000080039f6       0x28 FATFS/Target/user_diskio.o
                0x00000000080039f6                USER_write
 .text.USER_ioctl
                0x0000000008003a1e       0x28 FATFS/Target/user_diskio.o
                0x0000000008003a1e                USER_ioctl
 *fill*         0x0000000008003a46        0x2 
 .text.disk_status
                0x0000000008003a48       0x34 Middlewares/Third_Party/FatFs/src/diskio.o
                0x0000000008003a48                disk_status
 .text.disk_initialize
                0x0000000008003a7c       0x4c Middlewares/Third_Party/FatFs/src/diskio.o
                0x0000000008003a7c                disk_initialize
 .text.disk_read
                0x0000000008003ac8       0x40 Middlewares/Third_Party/FatFs/src/diskio.o
                0x0000000008003ac8                disk_read
 .text.disk_write
                0x0000000008003b08       0x40 Middlewares/Third_Party/FatFs/src/diskio.o
                0x0000000008003b08                disk_write
 .text.disk_ioctl
                0x0000000008003b48       0x3c Middlewares/Third_Party/FatFs/src/diskio.o
                0x0000000008003b48                disk_ioctl
 .text.mem_cpy  0x0000000008003b84       0x3a Middlewares/Third_Party/FatFs/src/ff.o
 .text.mem_set  0x0000000008003bbe       0x32 Middlewares/Third_Party/FatFs/src/ff.o
 .text.mem_cmp  0x0000000008003bf0       0x4c Middlewares/Third_Party/FatFs/src/ff.o
 .text.chk_chr  0x0000000008003c3c       0x34 Middlewares/Third_Party/FatFs/src/ff.o
 .text.chk_lock
                0x0000000008003c70       0xe4 Middlewares/Third_Party/FatFs/src/ff.o
 .text.enq_lock
                0x0000000008003d54       0x48 Middlewares/Third_Party/FatFs/src/ff.o
 .text.inc_lock
                0x0000000008003d9c      0x180 Middlewares/Third_Party/FatFs/src/ff.o
 .text.dec_lock
                0x0000000008003f1c       0x88 Middlewares/Third_Party/FatFs/src/ff.o
 .text.clear_lock
                0x0000000008003fa4       0x50 Middlewares/Third_Party/FatFs/src/ff.o
 .text.sync_window
                0x0000000008003ff4       0xb4 Middlewares/Third_Party/FatFs/src/ff.o
 .text.move_window
                0x00000000080040a8       0x68 Middlewares/Third_Party/FatFs/src/ff.o
 .text.sync_fs  0x0000000008004110      0x19e Middlewares/Third_Party/FatFs/src/ff.o
 .text.clust2sect
                0x00000000080042ae       0x4e Middlewares/Third_Party/FatFs/src/ff.o
                0x00000000080042ae                clust2sect
 .text.get_fat  0x00000000080042fc      0x204 Middlewares/Third_Party/FatFs/src/ff.o
                0x00000000080042fc                get_fat
 .text.put_fat  0x0000000008004500      0x2ba Middlewares/Third_Party/FatFs/src/ff.o
                0x0000000008004500                put_fat
 .text.remove_chain
                0x00000000080047ba       0xd0 Middlewares/Third_Party/FatFs/src/ff.o
 .text.create_chain
                0x000000000800488a      0x162 Middlewares/Third_Party/FatFs/src/ff.o
 .text.clmt_clust
                0x00000000080049ec       0x86 Middlewares/Third_Party/FatFs/src/ff.o
 .text.dir_sdi  0x0000000008004a72      0x1b6 Middlewares/Third_Party/FatFs/src/ff.o
 .text.dir_next
                0x0000000008004c28      0x2c4 Middlewares/Third_Party/FatFs/src/ff.o
 .text.dir_alloc
                0x0000000008004eec       0xa2 Middlewares/Third_Party/FatFs/src/ff.o
 .text.ld_clust
                0x0000000008004f8e       0x5c Middlewares/Third_Party/FatFs/src/ff.o
 .text.st_clust
                0x0000000008004fea       0x4c Middlewares/Third_Party/FatFs/src/ff.o
 *fill*         0x0000000008005036        0x2 
 .text.cmp_lfn  0x0000000008005038       0xdc Middlewares/Third_Party/FatFs/src/ff.o
 .text.fit_lfn  0x0000000008005114       0xe8 Middlewares/Third_Party/FatFs/src/ff.o
 .text.gen_numname
                0x00000000080051fc      0x11e Middlewares/Third_Party/FatFs/src/ff.o
 .text.sum_sfn  0x000000000800531a       0x40 Middlewares/Third_Party/FatFs/src/ff.o
 .text.dir_find
                0x000000000800535a      0x1aa Middlewares/Third_Party/FatFs/src/ff.o
 .text.dir_register
                0x0000000008005504      0x260 Middlewares/Third_Party/FatFs/src/ff.o
 .text.create_name
                0x0000000008005764      0x384 Middlewares/Third_Party/FatFs/src/ff.o
 .text.follow_path
                0x0000000008005ae8       0xf2 Middlewares/Third_Party/FatFs/src/ff.o
 .text.get_ldnumber
                0x0000000008005bda       0x86 Middlewares/Third_Party/FatFs/src/ff.o
 .text.check_fs
                0x0000000008005c60       0xdc Middlewares/Third_Party/FatFs/src/ff.o
 .text.find_volume
                0x0000000008005d3c      0x6b8 Middlewares/Third_Party/FatFs/src/ff.o
 .text.validate
                0x00000000080063f4       0x7c Middlewares/Third_Party/FatFs/src/ff.o
 .text.f_mount  0x0000000008006470       0x94 Middlewares/Third_Party/FatFs/src/ff.o
                0x0000000008006470                f_mount
 .text.f_open   0x0000000008006504      0x674 Middlewares/Third_Party/FatFs/src/ff.o
                0x0000000008006504                f_open
 .text.f_read   0x0000000008006b78      0x42c Middlewares/Third_Party/FatFs/src/ff.o
                0x0000000008006b78                f_read
 .text.f_sync   0x0000000008006fa4      0x1bc Middlewares/Third_Party/FatFs/src/ff.o
                0x0000000008006fa4                f_sync
 .text.f_close  0x0000000008007160       0x56 Middlewares/Third_Party/FatFs/src/ff.o
                0x0000000008007160                f_close
 .text.f_getfree
                0x00000000080071b6      0x1c4 Middlewares/Third_Party/FatFs/src/ff.o
                0x00000000080071b6                f_getfree
 *fill*         0x000000000800737a        0x2 
 .text.FATFS_LinkDriverEx
                0x000000000800737c       0x94 Middlewares/Third_Party/FatFs/src/ff_gen_drv.o
                0x000000000800737c                FATFS_LinkDriverEx
 .text.FATFS_LinkDriver
                0x0000000008007410       0x1e Middlewares/Third_Party/FatFs/src/ff_gen_drv.o
                0x0000000008007410                FATFS_LinkDriver
 *fill*         0x000000000800742e        0x2 
 .text.ff_convert
                0x0000000008007430       0x74 Middlewares/Third_Party/FatFs/src/option/ccsbcs.o
                0x0000000008007430                ff_convert
 .text.ff_wtoupper
                0x00000000080074a4       0x5c Middlewares/Third_Party/FatFs/src/option/ccsbcs.o
                0x00000000080074a4                ff_wtoupper
 .text.__libc_init_array
                0x0000000008007500       0x48 c:/st/stm32cubeide_1.3.0/stm32cubeide/plugins/com.st.stm32cube.ide.mcu.externaltools.gnu-tools-for-stm32.7-2018-q2-update.win32_1.5.0.202011040924/tools/bin/../lib/gcc/arm-none-eabi/7.3.1/../../../../arm-none-eabi/lib/thumb/v7-m\libc_nano.a(lib_a-init.o)
                0x0000000008007500                __libc_init_array
 .text.memset   0x0000000008007548       0x10 c:/st/stm32cubeide_1.3.0/stm32cubeide/plugins/com.st.stm32cube.ide.mcu.externaltools.gnu-tools-for-stm32.7-2018-q2-update.win32_1.5.0.202011040924/tools/bin/../lib/gcc/arm-none-eabi/7.3.1/../../../../arm-none-eabi/lib/thumb/v7-m\libc_nano.a(lib_a-memset.o)
                0x0000000008007548                memset
 *(.glue_7)
 .glue_7        0x0000000008007558        0x0 linker stubs
 *(.glue_7t)
 .glue_7t       0x0000000008007558        0x0 linker stubs
 *(.eh_frame)
 .eh_frame      0x0000000008007558        0x0 c:/st/stm32cubeide_1.3.0/stm32cubeide/plugins/com.st.stm32cube.ide.mcu.externaltools.gnu-tools-for-stm32.7-2018-q2-update.win32_1.5.0.202011040924/tools/bin/../lib/gcc/arm-none-eabi/7.3.1/thumb/v7-m/crtbegin.o
 *(.init)
 .init          0x0000000008007558        0x4 c:/st/stm32cubeide_1.3.0/stm32cubeide/plugins/com.st.stm32cube.ide.mcu.externaltools.gnu-tools-for-stm32.7-2018-q2-update.win32_1.5.0.202011040924/tools/bin/../lib/gcc/arm-none-eabi/7.3.1/thumb/v7-m/crti.o
                0x0000000008007558                _init
 .init          0x000000000800755c        0x8 c:/st/stm32cubeide_1.3.0/stm32cubeide/plugins/com.st.stm32cube.ide.mcu.externaltools.gnu-tools-for-stm32.7-2018-q2-update.win32_1.5.0.202011040924/tools/bin/../lib/gcc/arm-none-eabi/7.3.1/thumb/v7-m/crtn.o
 *(.fini)
 .fini          0x0000000008007564        0x4 c:/st/stm32cubeide_1.3.0/stm32cubeide/plugins/com.st.stm32cube.ide.mcu.externaltools.gnu-tools-for-stm32.7-2018-q2-update.win32_1.5.0.202011040924/tools/bin/../lib/gcc/arm-none-eabi/7.3.1/thumb/v7-m/crti.o
                0x0000000008007564                _fini
 .fini          0x0000000008007568        0x8 c:/st/stm32cubeide_1.3.0/stm32cubeide/plugins/com.st.stm32cube.ide.mcu.externaltools.gnu-tools-for-stm32.7-2018-q2-update.win32_1.5.0.202011040924/tools/bin/../lib/gcc/arm-none-eabi/7.3.1/thumb/v7-m/crtn.o
                0x0000000008007570                . = ALIGN (0x4)
                0x0000000008007570                _etext = .

.vfp11_veneer   0x0000000008007570        0x0
 .vfp11_veneer  0x0000000008007570        0x0 linker stubs

.v4_bx          0x0000000008007570        0x0
 .v4_bx         0x0000000008007570        0x0 linker stubs

.iplt           0x0000000008007570        0x0
 .iplt          0x0000000008007570        0x0 c:/st/stm32cubeide_1.3.0/stm32cubeide/plugins/com.st.stm32cube.ide.mcu.externaltools.gnu-tools-for-stm32.7-2018-q2-update.win32_1.5.0.202011040924/tools/bin/../lib/gcc/arm-none-eabi/7.3.1/thumb/v7-m/crtbegin.o

.rodata         0x0000000008007570      0x5d0
                0x0000000008007570                . = ALIGN (0x4)
 *(.rodata)
 .rodata        0x0000000008007570       0x11 Core/Src/bootloader.o
 *fill*         0x0000000008007581        0x3 
 .rodata        0x0000000008007584       0x12 Drivers/STM32F1xx_HAL_Driver/Src/stm32f1xx_hal_rcc.o
 *fill*         0x0000000008007596        0x2 
 .rodata        0x0000000008007598       0x48 Middlewares/Third_Party/FatFs/src/ff.o
 *(.rodata*)
 .rodata.AHBPrescTable
                0x00000000080075e0       0x10 Core/Src/system_stm32f1xx.o
                0x00000000080075e0                AHBPrescTable
 .rodata.ExCvt  0x00000000080075f0       0x80 Middlewares/Third_Party/FatFs/src/ff.o
 .rodata.LfnOfs
                0x0000000008007670        0xd Middlewares/Third_Party/FatFs/src/ff.o
 *fill*         0x000000000800767d        0x3 
 .rodata.Tbl    0x0000000008007680      0x100 Middlewares/Third_Party/FatFs/src/option/ccsbcs.o
 .rodata.tbl_lower.5734
                0x0000000008007780      0x1e0 Middlewares/Third_Party/FatFs/src/option/ccsbcs.o
 .rodata.tbl_upper.5735
                0x0000000008007960      0x1e0 Middlewares/Third_Party/FatFs/src/option/ccsbcs.o
                0x0000000008007b40                . = ALIGN (0x4)

.rel.dyn        0x0000000008007b40        0x0
 .rel.iplt      0x0000000008007b40        0x0 c:/st/stm32cubeide_1.3.0/stm32cubeide/plugins/com.st.stm32cube.ide.mcu.externaltools.gnu-tools-for-stm32.7-2018-q2-update.win32_1.5.0.202011040924/tools/bin/../lib/gcc/arm-none-eabi/7.3.1/thumb/v7-m/crtbegin.o

.ARM.extab      0x0000000008007b40        0x0
                0x0000000008007b40                . = ALIGN (0x4)
 *(.ARM.extab* .gnu.linkonce.armextab.*)
                0x0000000008007b40                . = ALIGN (0x4)

.ARM            0x0000000008007b40        0x0
                0x0000000008007b40                . = ALIGN (0x4)
                0x0000000008007b40                __exidx_start = .
 *(.ARM.exidx*)
                0x0000000008007b40                __exidx_end = .
                0x0000000008007b40                . = ALIGN (0x4)

.preinit_array  0x0000000008007b40        0x0
                0x0000000008007b40                . = ALIGN (0x4)
                0x0000000008007b40                PROVIDE (__preinit_array_start = .)
 *(.preinit_array*)
                0x0000000008007b40                PROVIDE (__preinit_array_end = .)
                0x0000000008007b40                . = ALIGN (0x4)

.init_array     0x0000000008007b40        0x4
                0x0000000008007b40                . = ALIGN (0x4)
                0x0000000008007b40                PROVIDE (__init_array_start = .)
 *(SORT_BY_NAME(.init_array.*))
 *(.init_array*)
 .init_array    0x0000000008007b40        0x4 c:/st/stm32cubeide_1.3.0/stm32cubeide/plugins/com.st.stm32cube.ide.mcu.externaltools.gnu-tools-for-stm32.7-2018-q2-update.win32_1.5.0.202011040924/tools/bin/../lib/gcc/arm-none-eabi/7.3.1/thumb/v7-m/crtbegin.o
                0x0000000008007b44                PROVIDE (__init_array_end = .)
                0x0000000008007b44                . = ALIGN (0x4)

.fini_array     0x0000000008007b44        0x4
                0x0000000008007b44                . = ALIGN (0x4)
                [!provide]                        PROVIDE (__fini_array_start = .)
 *(SORT_BY_NAME(.fini_array.*))
 *(.fini_array*)
 .fini_array    0x0000000008007b44        0x4 c:/st/stm32cubeide_1.3.0/stm32cubeide/plugins/com.st.stm32cube.ide.mcu.externaltools.gnu-tools-for-stm32.7-2018-q2-update.win32_1.5.0.202011040924/tools/bin/../lib/gcc/arm-none-eabi/7.3.1/thumb/v7-m/crtbegin.o
                [!provide]                        PROVIDE (__fini_array_end = .)
                0x0000000008007b48                . = ALIGN (0x4)
                0x0000000008007b48                _sidata = LOADADDR (.data)

.data           0x0000000020000000       0x24 load address 0x0000000008007b48
                0x0000000020000000                . = ALIGN (0x4)
                0x0000000020000000                _sdata = .
 *(.data)
 *(.data*)
 .data.Stat     0x0000000020000000        0x1 Core/Src/fatfs_sd.o
 *fill*         0x0000000020000001        0x3 
 .data.SystemCoreClock
                0x0000000020000004        0x4 Core/Src/system_stm32f1xx.o
                0x0000000020000004                SystemCoreClock
 .data.uwTickPrio
                0x0000000020000008        0x4 Drivers/STM32F1xx_HAL_Driver/Src/stm32f1xx_hal.o
                0x0000000020000008                uwTickPrio
 .data.uwTickFreq
                0x000000002000000c        0x1 Drivers/STM32F1xx_HAL_Driver/Src/stm32f1xx_hal.o
                0x000000002000000c                uwTickFreq
 *fill*         0x000000002000000d        0x3 
 .data.USER_Driver
                0x0000000020000010       0x14 FATFS/Target/user_diskio.o
                0x0000000020000010                USER_Driver
                0x0000000020000024                . = ALIGN (0x4)
                0x0000000020000024                _edata = .

.igot.plt       0x0000000020000024        0x0 load address 0x0000000008007b6c
 .igot.plt      0x0000000020000024        0x0 c:/st/stm32cubeide_1.3.0/stm32cubeide/plugins/com.st.stm32cube.ide.mcu.externaltools.gnu-tools-for-stm32.7-2018-q2-update.win32_1.5.0.202011040924/tools/bin/../lib/gcc/arm-none-eabi/7.3.1/thumb/v7-m/crtbegin.o
                0x0000000020000024                . = ALIGN (0x4)

.bss            0x0000000020000028     0x47b4 load address 0x0000000008007b6c
                0x0000000020000028                _sbss = .
                0x0000000020000028                __bss_start__ = _sbss
 *(.bss)
 .bss           0x0000000020000028       0x1c c:/st/stm32cubeide_1.3.0/stm32cubeide/plugins/com.st.stm32cube.ide.mcu.externaltools.gnu-tools-for-stm32.7-2018-q2-update.win32_1.5.0.202011040924/tools/bin/../lib/gcc/arm-none-eabi/7.3.1/thumb/v7-m/crtbegin.o
 *(.bss*)
 .bss.CardType  0x0000000020000044        0x1 Core/Src/fatfs_sd.o
 .bss.PowerFlag
                0x0000000020000045        0x1 Core/Src/fatfs_sd.o
 .bss.FatFsCnt  0x0000000020000046        0x1 Core/Src/stm32f1xx_it.o
                0x0000000020000046                FatFsCnt
 *fill*         0x0000000020000047        0x1 
 .bss.FatFs     0x0000000020000048        0x4 Middlewares/Third_Party/FatFs/src/ff.o
 .bss.Fsid      0x000000002000004c        0x2 Middlewares/Third_Party/FatFs/src/ff.o
 *fill*         0x000000002000004e        0x2 
 .bss.Files     0x0000000020000050       0x18 Middlewares/Third_Party/FatFs/src/ff.o
 .bss.LfnBuf    0x0000000020000068      0x200 Middlewares/Third_Party/FatFs/src/ff.o
 .bss.disk      0x0000000020000268        0xc Middlewares/Third_Party/FatFs/src/ff_gen_drv.o
                0x0000000020000268                disk
 *(COMMON)
 COMMON         0x0000000020000274     0x2480 Core/Src/bootloader.o
                0x0000000020000274                fre_clust
                0x0000000020000278                flashStatus
                0x000000002000027c                fs
                0x00000000200012ac                br
                0x00000000200012b0                Flashed_offset
                0x00000000200012b4                free_space
                0x00000000200012b8                buffer
                0x00000000200016b8                data
                0x00000000200016bc                fr
                0x00000000200016c0                pfs
                0x00000000200016c4                total
                0x00000000200016c8                fil
 COMMON         0x00000000200026f4       0x58 Core/Src/main.o
                0x00000000200026f4                hspi1
 COMMON         0x000000002000274c        0x2 Core/Src/stm32f1xx_it.o
                0x000000002000274c                Timer2
                0x000000002000274d                Timer1
 *fill*         0x000000002000274e        0x2 
 COMMON         0x0000000020002750        0x4 Drivers/STM32F1xx_HAL_Driver/Src/stm32f1xx_hal.o
                0x0000000020002750                uwTick
 *fill*         0x0000000020002754        0x4 
 COMMON         0x0000000020002758       0x20 Drivers/STM32F1xx_HAL_Driver/Src/stm32f1xx_hal_flash.o
                0x0000000020002758                pFlash
 COMMON         0x0000000020002778     0x2064 FATFS/App/fatfs.o
                0x0000000020002778                USERPath
                0x000000002000277c                retUSER
                0x0000000020002780                USERFile
                0x00000000200037ac                USERFatFS
                0x00000000200047dc                . = ALIGN (0x4)
                0x00000000200047dc                _ebss = .
                0x00000000200047dc                __bss_end__ = _ebss

._user_heap_stack
                0x00000000200047dc      0x604 load address 0x0000000008007b6c
                0x00000000200047e0                . = ALIGN (0x8)
 *fill*         0x00000000200047dc        0x4 
                0x00000000200047e0                PROVIDE (end = .)
                [!provide]                        PROVIDE (_end = .)
                0x00000000200049e0                . = (. + _Min_Heap_Size)
 *fill*         0x00000000200047e0      0x200 
                0x0000000020004de0                . = (. + _Min_Stack_Size)
 *fill*         0x00000000200049e0      0x400 
                0x0000000020004de0                . = ALIGN (0x8)

/DISCARD/
 libc.a(*)
 libm.a(*)
 libgcc.a(*)

.ARM.attributes
                0x0000000000000000       0x29
 *(.ARM.attributes)
 .ARM.attributes
                0x0000000000000000       0x1d c:/st/stm32cubeide_1.3.0/stm32cubeide/plugins/com.st.stm32cube.ide.mcu.externaltools.gnu-tools-for-stm32.7-2018-q2-update.win32_1.5.0.202011040924/tools/bin/../lib/gcc/arm-none-eabi/7.3.1/thumb/v7-m/crti.o
 .ARM.attributes
                0x000000000000001d       0x2d c:/st/stm32cubeide_1.3.0/stm32cubeide/plugins/com.st.stm32cube.ide.mcu.externaltools.gnu-tools-for-stm32.7-2018-q2-update.win32_1.5.0.202011040924/tools/bin/../lib/gcc/arm-none-eabi/7.3.1/thumb/v7-m/crtbegin.o
 .ARM.attributes
                0x000000000000004a       0x33 Core/Src/bootloader.o
 .ARM.attributes
                0x000000000000007d       0x33 Core/Src/fatfs_sd.o
 .ARM.attributes
                0x00000000000000b0       0x33 Core/Src/main.o
 .ARM.attributes
                0x00000000000000e3       0x33 Core/Src/stm32f1xx_hal_msp.o
 .ARM.attributes
                0x0000000000000116       0x33 Core/Src/stm32f1xx_it.o
 .ARM.attributes
                0x0000000000000149       0x33 Core/Src/system_stm32f1xx.o
 .ARM.attributes
                0x000000000000017c       0x21 Core/Startup/startup_stm32f103c8tx.o
 .ARM.attributes
                0x000000000000019d       0x33 Drivers/STM32F1xx_HAL_Driver/Src/stm32f1xx_hal.o
 .ARM.attributes
                0x00000000000001d0       0x33 Drivers/STM32F1xx_HAL_Driver/Src/stm32f1xx_hal_cortex.o
 .ARM.attributes
                0x0000000000000203       0x33 Drivers/STM32F1xx_HAL_Driver/Src/stm32f1xx_hal_flash.o
 .ARM.attributes
                0x0000000000000236       0x33 Drivers/STM32F1xx_HAL_Driver/Src/stm32f1xx_hal_flash_ex.o
 .ARM.attributes
                0x0000000000000269       0x33 Drivers/STM32F1xx_HAL_Driver/Src/stm32f1xx_hal_gpio.o
 .ARM.attributes
                0x000000000000029c       0x33 Drivers/STM32F1xx_HAL_Driver/Src/stm32f1xx_hal_rcc.o
 .ARM.attributes
                0x00000000000002cf       0x33 Drivers/STM32F1xx_HAL_Driver/Src/stm32f1xx_hal_spi.o
 .ARM.attributes
                0x0000000000000302       0x33 FATFS/App/fatfs.o
 .ARM.attributes
                0x0000000000000335       0x33 FATFS/Target/user_diskio.o
 .ARM.attributes
                0x0000000000000368       0x33 Middlewares/Third_Party/FatFs/src/diskio.o
 .ARM.attributes
                0x000000000000039b       0x33 Middlewares/Third_Party/FatFs/src/ff.o
 .ARM.attributes
                0x00000000000003ce       0x33 Middlewares/Third_Party/FatFs/src/ff_gen_drv.o
 .ARM.attributes
                0x0000000000000401       0x33 Middlewares/Third_Party/FatFs/src/option/ccsbcs.o
 .ARM.attributes
                0x0000000000000434       0x2d c:/st/stm32cubeide_1.3.0/stm32cubeide/plugins/com.st.stm32cube.ide.mcu.externaltools.gnu-tools-for-stm32.7-2018-q2-update.win32_1.5.0.202011040924/tools/bin/../lib/gcc/arm-none-eabi/7.3.1/../../../../arm-none-eabi/lib/thumb/v7-m\libc_nano.a(lib_a-init.o)
 .ARM.attributes
                0x0000000000000461       0x2d c:/st/stm32cubeide_1.3.0/stm32cubeide/plugins/com.st.stm32cube.ide.mcu.externaltools.gnu-tools-for-stm32.7-2018-q2-update.win32_1.5.0.202011040924/tools/bin/../lib/gcc/arm-none-eabi/7.3.1/../../../../arm-none-eabi/lib/thumb/v7-m\libc_nano.a(lib_a-memset.o)
 .ARM.attributes
                0x000000000000048e       0x1d c:/st/stm32cubeide_1.3.0/stm32cubeide/plugins/com.st.stm32cube.ide.mcu.externaltools.gnu-tools-for-stm32.7-2018-q2-update.win32_1.5.0.202011040924/tools/bin/../lib/gcc/arm-none-eabi/7.3.1/thumb/v7-m\libgcc.a(_arm_addsubdf3.o)
 .ARM.attributes
                0x00000000000004ab       0x1d c:/st/stm32cubeide_1.3.0/stm32cubeide/plugins/com.st.stm32cube.ide.mcu.externaltools.gnu-tools-for-stm32.7-2018-q2-update.win32_1.5.0.202011040924/tools/bin/../lib/gcc/arm-none-eabi/7.3.1/thumb/v7-m\libgcc.a(_arm_muldivdf3.o)
 .ARM.attributes
                0x00000000000004c8       0x1d c:/st/stm32cubeide_1.3.0/stm32cubeide/plugins/com.st.stm32cube.ide.mcu.externaltools.gnu-tools-for-stm32.7-2018-q2-update.win32_1.5.0.202011040924/tools/bin/../lib/gcc/arm-none-eabi/7.3.1/thumb/v7-m\libgcc.a(_arm_fixunsdfsi.o)
 .ARM.attributes
                0x00000000000004e5       0x1d c:/st/stm32cubeide_1.3.0/stm32cubeide/plugins/com.st.stm32cube.ide.mcu.externaltools.gnu-tools-for-stm32.7-2018-q2-update.win32_1.5.0.202011040924/tools/bin/../lib/gcc/arm-none-eabi/7.3.1/thumb/v7-m/crtn.o
OUTPUT(f1-sdcard-bootloader.elf elf32-littlearm)

.debug_info     0x0000000000000000     0xb95b
 .debug_info    0x0000000000000000      0xbaf Core/Src/bootloader.o
 .debug_info    0x0000000000000baf      0xb8d Core/Src/fatfs_sd.o
 .debug_info    0x000000000000173c      0xd8b Core/Src/main.o
 .debug_info    0x00000000000024c7      0x892 Core/Src/stm32f1xx_hal_msp.o
 .debug_info    0x0000000000002d59      0x253 Core/Src/stm32f1xx_it.o
 .debug_info    0x0000000000002fac      0x29a Core/Src/system_stm32f1xx.o
 .debug_info    0x0000000000003246       0x22 Core/Startup/startup_stm32f103c8tx.o
 .debug_info    0x0000000000003268      0x714 Drivers/STM32F1xx_HAL_Driver/Src/stm32f1xx_hal.o
 .debug_info    0x000000000000397c      0xb51 Drivers/STM32F1xx_HAL_Driver/Src/stm32f1xx_hal_cortex.o
 .debug_info    0x00000000000044cd      0x5a4 Drivers/STM32F1xx_HAL_Driver/Src/stm32f1xx_hal_flash.o
 .debug_info    0x0000000000004a71      0x827 Drivers/STM32F1xx_HAL_Driver/Src/stm32f1xx_hal_flash_ex.o
 .debug_info    0x0000000000005298      0x69b Drivers/STM32F1xx_HAL_Driver/Src/stm32f1xx_hal_gpio.o
 .debug_info    0x0000000000005933      0x80f Drivers/STM32F1xx_HAL_Driver/Src/stm32f1xx_hal_rcc.o
 .debug_info    0x0000000000006142     0x1572 Drivers/STM32F1xx_HAL_Driver/Src/stm32f1xx_hal_spi.o
 .debug_info    0x00000000000076b4      0x5a4 FATFS/App/fatfs.o
 .debug_info    0x0000000000007c58      0xc5f FATFS/Target/user_diskio.o
 .debug_info    0x00000000000088b7      0x4c3 Middlewares/Third_Party/FatFs/src/diskio.o
 .debug_info    0x0000000000008d7a     0x2515 Middlewares/Third_Party/FatFs/src/ff.o
 .debug_info    0x000000000000b28f      0x461 Middlewares/Third_Party/FatFs/src/ff_gen_drv.o
 .debug_info    0x000000000000b6f0      0x26b Middlewares/Third_Party/FatFs/src/option/ccsbcs.o

.debug_abbrev   0x0000000000000000     0x241d
 .debug_abbrev  0x0000000000000000      0x2bd Core/Src/bootloader.o
 .debug_abbrev  0x00000000000002bd      0x262 Core/Src/fatfs_sd.o
 .debug_abbrev  0x000000000000051f      0x23c Core/Src/main.o
 .debug_abbrev  0x000000000000075b      0x18c Core/Src/stm32f1xx_hal_msp.o
 .debug_abbrev  0x00000000000008e7       0xd7 Core/Src/stm32f1xx_it.o
 .debug_abbrev  0x00000000000009be      0x134 Core/Src/system_stm32f1xx.o
 .debug_abbrev  0x0000000000000af2       0x12 Core/Startup/startup_stm32f103c8tx.o
 .debug_abbrev  0x0000000000000b04      0x1c7 Drivers/STM32F1xx_HAL_Driver/Src/stm32f1xx_hal.o
 .debug_abbrev  0x0000000000000ccb      0x2d5 Drivers/STM32F1xx_HAL_Driver/Src/stm32f1xx_hal_cortex.o
 .debug_abbrev  0x0000000000000fa0      0x210 Drivers/STM32F1xx_HAL_Driver/Src/stm32f1xx_hal_flash.o
 .debug_abbrev  0x00000000000011b0      0x21b Drivers/STM32F1xx_HAL_Driver/Src/stm32f1xx_hal_flash_ex.o
 .debug_abbrev  0x00000000000013cb      0x1c0 Drivers/STM32F1xx_HAL_Driver/Src/stm32f1xx_hal_gpio.o
 .debug_abbrev  0x000000000000158b      0x243 Drivers/STM32F1xx_HAL_Driver/Src/stm32f1xx_hal_rcc.o
 .debug_abbrev  0x00000000000017ce      0x240 Drivers/STM32F1xx_HAL_Driver/Src/stm32f1xx_hal_spi.o
 .debug_abbrev  0x0000000000001a0e      0x17d FATFS/App/fatfs.o
 .debug_abbrev  0x0000000000001b8b      0x207 FATFS/Target/user_diskio.o
 .debug_abbrev  0x0000000000001d92      0x16f Middlewares/Third_Party/FatFs/src/diskio.o
 .debug_abbrev  0x0000000000001f01      0x278 Middlewares/Third_Party/FatFs/src/ff.o
 .debug_abbrev  0x0000000000002179      0x19c Middlewares/Third_Party/FatFs/src/ff_gen_drv.o
 .debug_abbrev  0x0000000000002315      0x108 Middlewares/Third_Party/FatFs/src/option/ccsbcs.o

.debug_aranges  0x0000000000000000      0xb10
 .debug_aranges
                0x0000000000000000       0x68 Core/Src/bootloader.o
 .debug_aranges
                0x0000000000000068       0xa0 Core/Src/fatfs_sd.o
 .debug_aranges
                0x0000000000000108       0x40 Core/Src/main.o
 .debug_aranges
                0x0000000000000148       0x30 Core/Src/stm32f1xx_hal_msp.o
 .debug_aranges
                0x0000000000000178       0x68 Core/Src/stm32f1xx_it.o
 .debug_aranges
                0x00000000000001e0       0x28 Core/Src/system_stm32f1xx.o
 .debug_aranges
                0x0000000000000208       0x28 Core/Startup/startup_stm32f103c8tx.o
 .debug_aranges
                0x0000000000000230       0xe0 Drivers/STM32F1xx_HAL_Driver/Src/stm32f1xx_hal.o
 .debug_aranges
                0x0000000000000310      0x100 Drivers/STM32F1xx_HAL_Driver/Src/stm32f1xx_hal_cortex.o
 .debug_aranges
                0x0000000000000410       0x88 Drivers/STM32F1xx_HAL_Driver/Src/stm32f1xx_hal_flash.o
 .debug_aranges
                0x0000000000000498       0x98 Drivers/STM32F1xx_HAL_Driver/Src/stm32f1xx_hal_flash_ex.o
 .debug_aranges
                0x0000000000000530       0x58 Drivers/STM32F1xx_HAL_Driver/Src/stm32f1xx_hal_gpio.o
 .debug_aranges
                0x0000000000000588       0x90 Drivers/STM32F1xx_HAL_Driver/Src/stm32f1xx_hal_rcc.o
 .debug_aranges
                0x0000000000000618      0x1d0 Drivers/STM32F1xx_HAL_Driver/Src/stm32f1xx_hal_spi.o
 .debug_aranges
                0x00000000000007e8       0x28 FATFS/App/fatfs.o
 .debug_aranges
                0x0000000000000810       0x40 FATFS/Target/user_diskio.o
 .debug_aranges
                0x0000000000000850       0x48 Middlewares/Third_Party/FatFs/src/diskio.o
 .debug_aranges
                0x0000000000000898      0x210 Middlewares/Third_Party/FatFs/src/ff.o
 .debug_aranges
                0x0000000000000aa8       0x40 Middlewares/Third_Party/FatFs/src/ff_gen_drv.o
 .debug_aranges
                0x0000000000000ae8       0x28 Middlewares/Third_Party/FatFs/src/option/ccsbcs.o

.debug_ranges   0x0000000000000000      0x9f0
 .debug_ranges  0x0000000000000000       0x70 Core/Src/bootloader.o
 .debug_ranges  0x0000000000000070       0x90 Core/Src/fatfs_sd.o
 .debug_ranges  0x0000000000000100       0x30 Core/Src/main.o
 .debug_ranges  0x0000000000000130       0x20 Core/Src/stm32f1xx_hal_msp.o
 .debug_ranges  0x0000000000000150       0x58 Core/Src/stm32f1xx_it.o
 .debug_ranges  0x00000000000001a8       0x18 Core/Src/system_stm32f1xx.o
 .debug_ranges  0x00000000000001c0       0x20 Core/Startup/startup_stm32f103c8tx.o
 .debug_ranges  0x00000000000001e0       0xd0 Drivers/STM32F1xx_HAL_Driver/Src/stm32f1xx_hal.o
 .debug_ranges  0x00000000000002b0       0xf0 Drivers/STM32F1xx_HAL_Driver/Src/stm32f1xx_hal_cortex.o
 .debug_ranges  0x00000000000003a0       0x78 Drivers/STM32F1xx_HAL_Driver/Src/stm32f1xx_hal_flash.o
 .debug_ranges  0x0000000000000418       0x88 Drivers/STM32F1xx_HAL_Driver/Src/stm32f1xx_hal_flash_ex.o
 .debug_ranges  0x00000000000004a0       0x48 Drivers/STM32F1xx_HAL_Driver/Src/stm32f1xx_hal_gpio.o
 .debug_ranges  0x00000000000004e8       0x80 Drivers/STM32F1xx_HAL_Driver/Src/stm32f1xx_hal_rcc.o
 .debug_ranges  0x0000000000000568      0x1c0 Drivers/STM32F1xx_HAL_Driver/Src/stm32f1xx_hal_spi.o
 .debug_ranges  0x0000000000000728       0x18 FATFS/App/fatfs.o
 .debug_ranges  0x0000000000000740       0x30 FATFS/Target/user_diskio.o
 .debug_ranges  0x0000000000000770       0x38 Middlewares/Third_Party/FatFs/src/diskio.o
 .debug_ranges  0x00000000000007a8      0x200 Middlewares/Third_Party/FatFs/src/ff.o
 .debug_ranges  0x00000000000009a8       0x30 Middlewares/Third_Party/FatFs/src/ff_gen_drv.o
 .debug_ranges  0x00000000000009d8       0x18 Middlewares/Third_Party/FatFs/src/option/ccsbcs.o

.debug_macro    0x0000000000000000    0x1786b
 .debug_macro   0x0000000000000000      0x206 Core/Src/bootloader.o
 .debug_macro   0x0000000000000206      0xa5a Core/Src/bootloader.o
 .debug_macro   0x0000000000000c60       0x46 Core/Src/bootloader.o
 .debug_macro   0x0000000000000ca6      0x21b Core/Src/bootloader.o
 .debug_macro   0x0000000000000ec1       0x2e Core/Src/bootloader.o
 .debug_macro   0x0000000000000eef       0x22 Core/Src/bootloader.o
 .debug_macro   0x0000000000000f11       0x22 Core/Src/bootloader.o
 .debug_macro   0x0000000000000f33       0x8e Core/Src/bootloader.o
 .debug_macro   0x0000000000000fc1       0x51 Core/Src/bootloader.o
 .debug_macro   0x0000000000001012       0xef Core/Src/bootloader.o
 .debug_macro   0x0000000000001101       0x6a Core/Src/bootloader.o
 .debug_macro   0x000000000000116b      0x1df Core/Src/bootloader.o
 .debug_macro   0x000000000000134a       0x1c Core/Src/bootloader.o
 .debug_macro   0x0000000000001366       0x22 Core/Src/bootloader.o
 .debug_macro   0x0000000000001388       0xc3 Core/Src/bootloader.o
 .debug_macro   0x000000000000144b      0xd23 Core/Src/bootloader.o
 .debug_macro   0x000000000000216e     0xe097 Core/Src/bootloader.o
 .debug_macro   0x0000000000010205       0x43 Core/Src/bootloader.o
 .debug_macro   0x0000000000010248     0x3468 Core/Src/bootloader.o
 .debug_macro   0x00000000000136b0      0x174 Core/Src/bootloader.o
 .debug_macro   0x0000000000013824       0x5c Core/Src/bootloader.o
 .debug_macro   0x0000000000013880      0x5be Core/Src/bootloader.o
 .debug_macro   0x0000000000013e3e      0x289 Core/Src/bootloader.o
 .debug_macro   0x00000000000140c7      0x1cb Core/Src/bootloader.o
 .debug_macro   0x0000000000014292      0x114 Core/Src/bootloader.o
 .debug_macro   0x00000000000143a6      0x1b2 Core/Src/bootloader.o
 .debug_macro   0x0000000000014558       0x27 Core/Src/bootloader.o
 .debug_macro   0x000000000001457f      0x136 Core/Src/bootloader.o
 .debug_macro   0x00000000000146b5      0x1bc Core/Src/bootloader.o
 .debug_macro   0x0000000000014871       0x34 Core/Src/bootloader.o
 .debug_macro   0x00000000000148a5       0x3c Core/Src/bootloader.o
 .debug_macro   0x00000000000148e1       0x57 Core/Src/bootloader.o
 .debug_macro   0x0000000000014938       0x88 Core/Src/bootloader.o
 .debug_macro   0x00000000000149c0      0x241 Core/Src/bootloader.o
 .debug_macro   0x0000000000014c01      0x141 Core/Src/bootloader.o
 .debug_macro   0x0000000000014d42      0x217 Core/Src/bootloader.o
 .debug_macro   0x0000000000014f59       0x83 Core/Src/bootloader.o
 .debug_macro   0x0000000000014fdc       0x4c Core/Src/bootloader.o
 .debug_macro   0x0000000000015028       0xd8 Core/Src/bootloader.o
 .debug_macro   0x0000000000015100       0xf5 Core/Src/bootloader.o
 .debug_macro   0x00000000000151f5       0x8e Core/Src/bootloader.o
 .debug_macro   0x0000000000015283       0x70 Core/Src/bootloader.o
 .debug_macro   0x00000000000152f3      0x1cd Core/Src/fatfs_sd.o
 .debug_macro   0x00000000000154c0       0x16 Core/Src/fatfs_sd.o
 .debug_macro   0x00000000000154d6       0x7c Core/Src/fatfs_sd.o
 .debug_macro   0x0000000000015552      0x200 Core/Src/main.o
 .debug_macro   0x0000000000015752       0xde Core/Src/main.o
 .debug_macro   0x0000000000015830      0x19d Core/Src/stm32f1xx_hal_msp.o
 .debug_macro   0x00000000000159cd      0x1a7 Core/Src/stm32f1xx_it.o
 .debug_macro   0x0000000000015b74      0x18e Core/Src/system_stm32f1xx.o
 .debug_macro   0x0000000000015d02      0x1b2 Drivers/STM32F1xx_HAL_Driver/Src/stm32f1xx_hal.o
 .debug_macro   0x0000000000015eb4      0x18e Drivers/STM32F1xx_HAL_Driver/Src/stm32f1xx_hal_cortex.o
 .debug_macro   0x0000000000016042      0x18e Drivers/STM32F1xx_HAL_Driver/Src/stm32f1xx_hal_flash.o
 .debug_macro   0x00000000000161d0      0x1a0 Drivers/STM32F1xx_HAL_Driver/Src/stm32f1xx_hal_flash_ex.o
 .debug_macro   0x0000000000016370      0x1f9 Drivers/STM32F1xx_HAL_Driver/Src/stm32f1xx_hal_gpio.o
 .debug_macro   0x0000000000016569      0x1a0 Drivers/STM32F1xx_HAL_Driver/Src/stm32f1xx_hal_rcc.o
 .debug_macro   0x0000000000016709      0x196 Drivers/STM32F1xx_HAL_Driver/Src/stm32f1xx_hal_spi.o
 .debug_macro   0x000000000001689f      0x1f0 FATFS/App/fatfs.o
 .debug_macro   0x0000000000016a8f      0x298 FATFS/Target/user_diskio.o
 .debug_macro   0x0000000000016d27       0x10 FATFS/Target/user_diskio.o
 .debug_macro   0x0000000000016d37       0x20 FATFS/Target/user_diskio.o
 .debug_macro   0x0000000000016d57       0xbd FATFS/Target/user_diskio.o
 .debug_macro   0x0000000000016e14       0x56 FATFS/Target/user_diskio.o
 .debug_macro   0x0000000000016e6a      0x1dd Middlewares/Third_Party/FatFs/src/diskio.o
 .debug_macro   0x0000000000017047      0x424 Middlewares/Third_Party/FatFs/src/ff.o
 .debug_macro   0x000000000001746b       0x58 Middlewares/Third_Party/FatFs/src/ff.o
 .debug_macro   0x00000000000174c3      0x1dd Middlewares/Third_Party/FatFs/src/ff_gen_drv.o
 .debug_macro   0x00000000000176a0      0x1cb Middlewares/Third_Party/FatFs/src/option/ccsbcs.o

.debug_line     0x0000000000000000     0xb0fe
 .debug_line    0x0000000000000000      0x8a3 Core/Src/bootloader.o
 .debug_line    0x00000000000008a3      0x9a7 Core/Src/fatfs_sd.o
 .debug_line    0x000000000000124a      0x777 Core/Src/main.o
 .debug_line    0x00000000000019c1      0x677 Core/Src/stm32f1xx_hal_msp.o
 .debug_line    0x0000000000002038      0x701 Core/Src/stm32f1xx_it.o
 .debug_line    0x0000000000002739      0x66d Core/Src/system_stm32f1xx.o
 .debug_line    0x0000000000002da6       0x84 Core/Startup/startup_stm32f103c8tx.o
 .debug_line    0x0000000000002e2a      0x820 Drivers/STM32F1xx_HAL_Driver/Src/stm32f1xx_hal.o
 .debug_line    0x000000000000364a      0x8f7 Drivers/STM32F1xx_HAL_Driver/Src/stm32f1xx_hal_cortex.o
 .debug_line    0x0000000000003f41      0x83b Drivers/STM32F1xx_HAL_Driver/Src/stm32f1xx_hal_flash.o
 .debug_line    0x000000000000477c      0x88a Drivers/STM32F1xx_HAL_Driver/Src/stm32f1xx_hal_flash_ex.o
 .debug_line    0x0000000000005006      0x81c Drivers/STM32F1xx_HAL_Driver/Src/stm32f1xx_hal_gpio.o
 .debug_line    0x0000000000005822      0x8e0 Drivers/STM32F1xx_HAL_Driver/Src/stm32f1xx_hal_rcc.o
 .debug_line    0x0000000000006102     0x100b Drivers/STM32F1xx_HAL_Driver/Src/stm32f1xx_hal_spi.o
 .debug_line    0x000000000000710d      0x6d7 FATFS/App/fatfs.o
 .debug_line    0x00000000000077e4      0x840 FATFS/Target/user_diskio.o
 .debug_line    0x0000000000008024      0x701 Middlewares/Third_Party/FatFs/src/diskio.o
 .debug_line    0x0000000000008725     0x1bc7 Middlewares/Third_Party/FatFs/src/ff.o
 .debug_line    0x000000000000a2ec      0x700 Middlewares/Third_Party/FatFs/src/ff_gen_drv.o
 .debug_line    0x000000000000a9ec      0x712 Middlewares/Third_Party/FatFs/src/option/ccsbcs.o

.debug_str      0x0000000000000000    0x82672
 .debug_str     0x0000000000000000    0x7c81e Core/Src/bootloader.o
                                      0x7cbdd (size before relaxing)
 .debug_str     0x000000000007c81e      0x4ae Core/Src/fatfs_sd.o
                                      0x7c3ba (size before relaxing)
 .debug_str     0x000000000007cccc      0x191 Core/Src/main.o
                                      0x7cded (size before relaxing)
 .debug_str     0x000000000007ce5d       0x81 Core/Src/stm32f1xx_hal_msp.o
                                      0x7c117 (size before relaxing)
 .debug_str     0x000000000007cede       0xd6 Core/Src/stm32f1xx_it.o
                                      0x7bd30 (size before relaxing)
 .debug_str     0x000000000007cfb4       0x52 Core/Src/system_stm32f1xx.o
                                      0x7bbdb (size before relaxing)
 .debug_str     0x000000000007d006       0x36 Core/Startup/startup_stm32f103c8tx.o
                                         0x7d (size before relaxing)
 .debug_str     0x000000000007d03c      0x534 Drivers/STM32F1xx_HAL_Driver/Src/stm32f1xx_hal.o
                                      0x7c26c (size before relaxing)
 .debug_str     0x000000000007d570      0x300 Drivers/STM32F1xx_HAL_Driver/Src/stm32f1xx_hal_cortex.o
                                      0x7c274 (size before relaxing)
 .debug_str     0x000000000007d870      0x286 Drivers/STM32F1xx_HAL_Driver/Src/stm32f1xx_hal_flash.o
                                      0x7beb1 (size before relaxing)
 .debug_str     0x000000000007daf6      0x31f Drivers/STM32F1xx_HAL_Driver/Src/stm32f1xx_hal_flash_ex.o
                                      0x7c075 (size before relaxing)
 .debug_str     0x000000000007de15      0x324 Drivers/STM32F1xx_HAL_Driver/Src/stm32f1xx_hal_gpio.o
                                      0x7bf9f (size before relaxing)
 .debug_str     0x000000000007e139      0x24f Drivers/STM32F1xx_HAL_Driver/Src/stm32f1xx_hal_rcc.o
                                      0x7bfd8 (size before relaxing)
 .debug_str     0x000000000007e388      0x549 Drivers/STM32F1xx_HAL_Driver/Src/stm32f1xx_hal_spi.o
                                      0x7c4e0 (size before relaxing)
 .debug_str     0x000000000007e8d1       0x2f FATFS/App/fatfs.o
                                      0x7c59b (size before relaxing)
 .debug_str     0x000000000007e900     0x2f5f FATFS/Target/user_diskio.o
                                      0x7f49e (size before relaxing)
 .debug_str     0x000000000008185f       0x52 Middlewares/Third_Party/FatFs/src/diskio.o
                                      0x7c4d2 (size before relaxing)
 .debug_str     0x00000000000818b1      0xcb5 Middlewares/Third_Party/FatFs/src/ff.o
                                      0x7d33b (size before relaxing)
 .debug_str     0x0000000000082566       0xa2 Middlewares/Third_Party/FatFs/src/ff_gen_drv.o
                                      0x7c523 (size before relaxing)
 .debug_str     0x0000000000082608       0x6a Middlewares/Third_Party/FatFs/src/option/ccsbcs.o
                                      0x7c2c3 (size before relaxing)

.comment        0x0000000000000000       0x7b
 .comment       0x0000000000000000       0x7b Core/Src/bootloader.o
                                         0x7c (size before relaxing)
 .comment       0x000000000000007b       0x7c Core/Src/fatfs_sd.o
 .comment       0x000000000000007b       0x7c Core/Src/main.o
 .comment       0x000000000000007b       0x7c Core/Src/stm32f1xx_hal_msp.o
 .comment       0x000000000000007b       0x7c Core/Src/stm32f1xx_it.o
 .comment       0x000000000000007b       0x7c Core/Src/system_stm32f1xx.o
 .comment       0x000000000000007b       0x7c Drivers/STM32F1xx_HAL_Driver/Src/stm32f1xx_hal.o
 .comment       0x000000000000007b       0x7c Drivers/STM32F1xx_HAL_Driver/Src/stm32f1xx_hal_cortex.o
 .comment       0x000000000000007b       0x7c Drivers/STM32F1xx_HAL_Driver/Src/stm32f1xx_hal_flash.o
 .comment       0x000000000000007b       0x7c Drivers/STM32F1xx_HAL_Driver/Src/stm32f1xx_hal_flash_ex.o
 .comment       0x000000000000007b       0x7c Drivers/STM32F1xx_HAL_Driver/Src/stm32f1xx_hal_gpio.o
 .comment       0x000000000000007b       0x7c Drivers/STM32F1xx_HAL_Driver/Src/stm32f1xx_hal_rcc.o
 .comment       0x000000000000007b       0x7c Drivers/STM32F1xx_HAL_Driver/Src/stm32f1xx_hal_spi.o
 .comment       0x000000000000007b       0x7c FATFS/App/fatfs.o
 .comment       0x000000000000007b       0x7c FATFS/Target/user_diskio.o
 .comment       0x000000000000007b       0x7c Middlewares/Third_Party/FatFs/src/diskio.o
 .comment       0x000000000000007b       0x7c Middlewares/Third_Party/FatFs/src/ff.o
 .comment       0x000000000000007b       0x7c Middlewares/Third_Party/FatFs/src/ff_gen_drv.o
 .comment       0x000000000000007b       0x7c Middlewares/Third_Party/FatFs/src/option/ccsbcs.o

.debug_frame    0x0000000000000000     0x2c24
 .debug_frame   0x0000000000000000      0x17c Core/Src/bootloader.o
 .debug_frame   0x000000000000017c      0x268 Core/Src/fatfs_sd.o
 .debug_frame   0x00000000000003e4       0xac Core/Src/main.o
 .debug_frame   0x0000000000000490       0x80 Core/Src/stm32f1xx_hal_msp.o
 .debug_frame   0x0000000000000510      0x12c Core/Src/stm32f1xx_it.o
 .debug_frame   0x000000000000063c       0x58 Core/Src/system_stm32f1xx.o
 .debug_frame   0x0000000000000694      0x334 Drivers/STM32F1xx_HAL_Driver/Src/stm32f1xx_hal.o
 .debug_frame   0x00000000000009c8      0x428 Drivers/STM32F1xx_HAL_Driver/Src/stm32f1xx_hal_cortex.o
 .debug_frame   0x0000000000000df0      0x214 Drivers/STM32F1xx_HAL_Driver/Src/stm32f1xx_hal_flash.o
 .debug_frame   0x0000000000001004      0x258 Drivers/STM32F1xx_HAL_Driver/Src/stm32f1xx_hal_flash_ex.o
 .debug_frame   0x000000000000125c      0x14c Drivers/STM32F1xx_HAL_Driver/Src/stm32f1xx_hal_gpio.o
 .debug_frame   0x00000000000013a8      0x21c Drivers/STM32F1xx_HAL_Driver/Src/stm32f1xx_hal_rcc.o
 .debug_frame   0x00000000000015c4      0x824 Drivers/STM32F1xx_HAL_Driver/Src/stm32f1xx_hal_spi.o
 .debug_frame   0x0000000000001de8       0x4c FATFS/App/fatfs.o
 .debug_frame   0x0000000000001e34       0xc4 FATFS/Target/user_diskio.o
 .debug_frame   0x0000000000001ef8       0xec Middlewares/Third_Party/FatFs/src/diskio.o
 .debug_frame   0x0000000000001fe4      0x9ac Middlewares/Third_Party/FatFs/src/ff.o
 .debug_frame   0x0000000000002990       0xc8 Middlewares/Third_Party/FatFs/src/ff_gen_drv.o
 .debug_frame   0x0000000000002a58       0x60 Middlewares/Third_Party/FatFs/src/option/ccsbcs.o
 .debug_frame   0x0000000000002ab8       0x2c c:/st/stm32cubeide_1.3.0/stm32cubeide/plugins/com.st.stm32cube.ide.mcu.externaltools.gnu-tools-for-stm32.7-2018-q2-update.win32_1.5.0.202011040924/tools/bin/../lib/gcc/arm-none-eabi/7.3.1/../../../../arm-none-eabi/lib/thumb/v7-m\libc_nano.a(lib_a-init.o)
 .debug_frame   0x0000000000002ae4       0x20 c:/st/stm32cubeide_1.3.0/stm32cubeide/plugins/com.st.stm32cube.ide.mcu.externaltools.gnu-tools-for-stm32.7-2018-q2-update.win32_1.5.0.202011040924/tools/bin/../lib/gcc/arm-none-eabi/7.3.1/../../../../arm-none-eabi/lib/thumb/v7-m\libc_nano.a(lib_a-memset.o)
 .debug_frame   0x0000000000002b04       0xac c:/st/stm32cubeide_1.3.0/stm32cubeide/plugins/com.st.stm32cube.ide.mcu.externaltools.gnu-tools-for-stm32.7-2018-q2-update.win32_1.5.0.202011040924/tools/bin/../lib/gcc/arm-none-eabi/7.3.1/thumb/v7-m\libgcc.a(_arm_addsubdf3.o)
 .debug_frame   0x0000000000002bb0       0x50 c:/st/stm32cubeide_1.3.0/stm32cubeide/plugins/com.st.stm32cube.ide.mcu.externaltools.gnu-tools-for-stm32.7-2018-q2-update.win32_1.5.0.202011040924/tools/bin/../lib/gcc/arm-none-eabi/7.3.1/thumb/v7-m\libgcc.a(_arm_muldivdf3.o)
 .debug_frame   0x0000000000002c00       0x24 c:/st/stm32cubeide_1.3.0/stm32cubeide/plugins/com.st.stm32cube.ide.mcu.externaltools.gnu-tools-for-stm32.7-2018-q2-update.win32_1.5.0.202011040924/tools/bin/../lib/gcc/arm-none-eabi/7.3.1/thumb/v7-m\libgcc.a(_arm_fixunsdfsi.o)
